// Jest Snapshot v1, https://goo.gl/fbAQLP

exports[`Gift render correctly 1`] = `
<styled.div>
  <Form
    inline={false}
  >
    <FormGroup>
      <FormLabel
        column={false}
        srOnly={false}
      >
        Person
      </FormLabel>
      <FormControl
        onChange={[Function]}
        testId="InputPerson"
      />
    </FormGroup>
    <FormGroup>
      <FormLabel
        column={false}
        srOnly={false}
      >
        Present
      </FormLabel>
      <FormControl
        onChange={[Function]}
        testId="InputPresent"
      />
    </FormGroup>
  </Form>
  <Button
    active={false}
    disabled={false}
    onClick={[Function]}
    testId="RemoveButton"
    type="button"
    variant="primary"
  >
    Remove Gift
  </Button>
</styled.div>
`;
